// Jest Snapshot v1, https://goo.gl/fbAQLP

exports[`should render a snapshot of input field with a class of error 1`] = `
<div>
  <div
    class="sc-AxjAm kUeQQo"
  >
    <input
      class="input-field error"
      data-testid="input-field"
      value=""
    />
    <label
      class="input-label"
      data-testid="input-label"
    />
    <h6
      class="error-message"
    >
      <span>
        !
      </span>
    </h6>
  </div>
</div>
`;

exports[`should take a snapshot 1`] = `
<div>
  <div
    class="sc-AxhCb cNhBOm"
  >
    <form
      class="sc-AxirZ dLptuK"
    >
      <div
        class="sc-AxjAm kUeQQo"
      >
        <input
          aria-label="Obodo David"
          class="input-field"
          data-testid="input-field"
          id="Full Name"
          name="fullName"
          placeholder="Obodo David"
          type="text"
          value=""
        />
        <label
          class="input-label"
          data-testid="input-label"
          for="Full Name"
        >
          Full Name
        </label>
      </div>
      <div
        class="sc-AxjAm kUeQQo"
      >
        <input
          aria-label="obododavid@gmail.com"
          class="input-field"
          data-testid="input-field"
          id="Email"
          name="email"
          placeholder="obododavid@gmail.com"
          type="email"
          value=""
        />
        <label
          class="input-label"
          data-testid="input-label"
          for="Email"
        >
          Email
        </label>
      </div>
      <div
        class="sc-AxjAm kUeQQo"
      >
        <input
          aria-label="080XXXXXXXX"
          class="input-field"
          data-testid="input-field"
          id="Phone Number"
          name="phone"
          placeholder="080XXXXXXXX"
          type="tel"
          value=""
        />
        <label
          class="input-label"
          data-testid="input-label"
          for="Phone Number"
        >
          Phone Number
        </label>
      </div>
      <div
        class="sc-AxjAm kUeQQo"
      >
        <input
          aria-label="Password"
          class="input-field"
          data-testid="input-field"
          id="Password"
          name="password"
          placeholder="Password"
          type="password"
          value=""
        />
        <label
          class="input-label"
          data-testid="input-label"
          for="Password"
        >
          Password
        </label>
      </div>
      <div
        class="sc-AxjAm kUeQQo"
      >
        <input
          aria-label="Confirm Password"
          class="input-field"
          data-testid="input-field"
          id="Confirm Password"
          name="confirmPassword"
          placeholder="Confirm Password"
          type="password"
          value=""
        />
        <label
          class="input-label"
          data-testid="input-label"
          for="Confirm Password"
        >
          Confirm Password
        </label>
      </div>
      <div
        class="sc-AxjAm kUeQQo"
      >
        <input
          aria-label="XXXX XXXX XXXX XXXX"
          class="input-field"
          data-testid="input-field"
          id="Card Number"
          name="cardNumber"
          placeholder="XXXX XXXX XXXX XXXX"
          type="text"
          value=""
        />
        <label
          class="input-label"
          data-testid="input-label"
          for="Card Number"
        >
          Card Number
        </label>
      </div>
      <div
        class="sc-AxjAm kUeQQo"
      >
        <input
          aria-label="mm/yy"
          class="input-field"
          data-testid="input-field"
          id="Expiry Date"
          name="expiryDate"
          placeholder="mm/yy"
          type="text"
          value=""
        />
        <label
          class="input-label"
          data-testid="input-label"
          for="Expiry Date"
        >
          Expiry Date
        </label>
      </div>
      <div
        class="sc-AxjAm kUeQQo"
      >
        <input
          aria-label="****"
          class="input-field"
          data-testid="input-field"
          id="Pin"
          name="pin"
          placeholder="****"
          type="password"
          value=""
        />
        <label
          class="input-label"
          data-testid="input-label"
          for="Pin"
        >
          Pin
        </label>
      </div>
      <button
        class="sc-AxiKw eutMqT"
        data-testid="submit-button"
        disabled=""
      >
        Submit
      </button>
    </form>
  </div>
</div>
`;
